==================================================
Mediation pipeline started
Time: Tue 14 Apr 01:11:15 BST 2026
Host: cx3-3-11
Project root: /rds/general/project/hda_25-26/live/TDS/anw16/TDS_Group1
Log file: /rds/general/project/hda_25-26/live/TDS/anw16/TDS_Group1/modelling_script/08_mediation/logs/mediation_pipeline_20260414_011115.log
==================================================

The following have been reloaded with a version change:
  1) Brotli/1.0.9-GCCcore-12.3.0 => Brotli/1.1.0-GCCcore-13.3.0
  2) FFTW/3.3.10-GCC-12.3.0 => FFTW/3.3.10-GCC-13.3.0
  3) FlexiBLAS/3.3.1-GCC-12.3.0 => FlexiBLAS/3.4.4-GCC-13.3.0
  4) FriBidi/1.0.12-GCCcore-12.3.0 => FriBidi/1.0.15-GCCcore-13.3.0
  5) GCC/12.3.0 => GCC/13.3.0
  6) GCCcore/12.3.0 => GCCcore/13.3.0
  7) GLib/2.77.1-GCCcore-12.3.0 => GLib/2.80.4-GCCcore-13.3.0
  8) HarfBuzz/5.3.1-GCCcore-12.3.0 => HarfBuzz/9.0.0-GCCcore-13.3.0
  9) ICU/73.2-GCCcore-12.3.0 => ICU/75.1-GCCcore-13.3.0
 10) Java/11.0.20 => Java/17.0.6
 11) LLVM/16.0.6-GCCcore-12.3.0 => LLVM/18.1.8-GCCcore-13.3.0
 12) LibTIFF/4.5.0-GCCcore-12.3.0 => LibTIFF/4.6.0-GCCcore-13.3.0
 13) Mesa/23.1.4-GCCcore-12.3.0 => Mesa/24.1.3-GCCcore-13.3.0
 14) NASM/2.16.01-GCCcore-12.3.0 => NASM/2.16.03-GCCcore-13.3.0
 15) OpenBLAS/0.3.23-GCC-12.3.0 => OpenBLAS/0.3.27-GCC-13.3.0
 16) OpenSSL/1.1 => OpenSSL/3
 17) PCRE/8.45-GCCcore-12.3.0 => PCRE/8.45-GCCcore-13.3.0
 18) PCRE2/10.42-GCCcore-12.3.0 => PCRE2/10.43-GCCcore-13.3.0
 19) R/4.3.2-gfbf-2023a => R/4.4.2-gfbf-2024a
 20) SQLite/3.42.0-GCCcore-12.3.0 => SQLite/3.45.3-GCCcore-13.3.0
 21) Tcl/8.6.13-GCCcore-12.3.0 => Tcl/8.6.14-GCCcore-13.3.0
 22) Tk/8.6.13-GCCcore-12.3.0 => Tk/8.6.14-GCCcore-13.3.0
 23) X11/20230603-GCCcore-12.3.0 => X11/20240607-GCCcore-13.3.0
 24) XZ/5.4.2-GCCcore-12.3.0 => XZ/5.4.5-GCCcore-13.3.0
 25) binutils/2.40-GCCcore-12.3.0 => binutils/2.42-GCCcore-13.3.0
 26) bzip2/1.0.8-GCCcore-12.3.0 => bzip2/1.0.8-GCCcore-13.3.0
 27) cURL/8.0.1-GCCcore-12.3.0 => cURL/8.7.1-GCCcore-13.3.0
 28) cairo/1.17.8-GCCcore-12.3.0 => cairo/1.18.0-GCCcore-13.3.0
 29) expat/2.5.0-GCCcore-12.3.0 => expat/2.6.2-GCCcore-13.3.0
 30) fontconfig/2.14.2-GCCcore-12.3.0 => fontconfig/2.15.0-GCCcore-13.3.0
 31) freetype/2.13.0-GCCcore-12.3.0 => freetype/2.13.2-GCCcore-13.3.0
 32) gettext/0.21.1-GCCcore-12.3.0 => gettext/0.22.5-GCCcore-13.3.0
 33) gfbf/2023a => gfbf/2024a
 34) gzip/1.12-GCCcore-12.3.0 => gzip/1.13-GCCcore-13.3.0
 35) jbigkit/2.1-GCCcore-12.3.0 => jbigkit/2.1-GCCcore-13.3.0
 36) libGLU/9.0.3-GCCcore-12.3.0 => libGLU/9.0.3-GCCcore-13.3.0
 37) libdeflate/1.18-GCCcore-12.3.0 => libdeflate/1.20-GCCcore-13.3.0
 38) libdrm/2.4.115-GCCcore-12.3.0 => libdrm/2.4.122-GCCcore-13.3.0
 39) libffi/3.4.4-GCCcore-12.3.0 => libffi/3.4.5-GCCcore-13.3.0
 40) libgit2/1.7.1-GCCcore-12.3.0 => libgit2/1.8.1-GCCcore-13.3.0
 41) libglvnd/1.6.0-GCCcore-12.3.0 => libglvnd/1.7.0-GCCcore-13.3.0
 42) libjpeg-turbo/2.1.5.1-GCCcore-12.3.0 => libjpeg-turbo/3.0.1-GCCcore-13.3.0
 43) libpciaccess/0.17-GCCcore-12.3.0 => libpciaccess/0.18.1-GCCcore-13.3.0
 44) libpng/1.6.39-GCCcore-12.3.0 => libpng/1.6.43-GCCcore-13.3.0
 45) libreadline/8.2-GCCcore-12.3.0 => libreadline/8.2-GCCcore-13.3.0
 46) libunwind/1.6.2-GCCcore-12.3.0 => libunwind/1.8.1-GCCcore-13.3.0
 47) libxml2/2.11.4-GCCcore-12.3.0 => libxml2/2.12.7-GCCcore-13.3.0
 48) lz4/1.9.4-GCCcore-12.3.0 => lz4/1.9.4-GCCcore-13.3.0
 49) ncurses/6.4-GCCcore-12.3.0 => ncurses/6.5-GCCcore-13.3.0
 50) pixman/0.42.2-GCCcore-12.3.0 => pixman/0.43.4-GCCcore-13.3.0
 51) util-linux/2.39-GCCcore-12.3.0 => util-linux/2.40-GCCcore-13.3.0
 52) xorg-macros/1.20.0-GCCcore-12.3.0 => xorg-macros/1.20.1-GCCcore-13.3.0
 53) zlib/1.2.13-GCCcore-12.3.0 => zlib/1.3.1-GCCcore-13.3.0
 54) zstd/1.5.5-GCCcore-12.3.0 => zstd/1.5.6-GCCcore-13.3.0


Checking required directories...
ERROR: Missing inputs directory: /rds/general/project/hda_25-26/live/TDS/anw16/TDS_Group1/modelling_script/08_mediation/inputs
